{"synthetic": false,
 "schemaVersion": "2025-09-10",
 "outputs": null,
 "log":
 [{"message":
   ".> ELAN=elan ELAN_HOME=/home/runner/.elan ELAN_TOOLCHAIN=leanprover/lean4:v4.27.0-rc1 LAKE=/home/runner/.elan/toolchains/leanprover--lean4---v4.27.0-rc1/bin/lake LAKE_HOME=/home/runner/.elan/toolchains/leanprover--lean4---v4.27.0-rc1 LAKE_PKG_URL_MAP={} LAKE_NO_CACHE=false LAKE_ARTIFACT_CACHE=false LAKE_CACHE_KEY= LAKE_CACHE_ARTIFACT_ENDPOINT= LAKE_CACHE_REVISION_ENDPOINT= LEAN=/home/runner/.elan/toolchains/leanprover--lean4---v4.27.0-rc1/bin/lean LEAN_SYSROOT=/home/runner/.elan/toolchains/leanprover--lean4---v4.27.0-rc1 LEAN_AR=/home/runner/.elan/toolchains/leanprover--lean4---v4.27.0-rc1/bin/llvm-ar LEAN_CC= LAKE_CACHE_DIR=/home/runner/.elan/toolchains/leanprover--lean4---v4.27.0-rc1/lake/cache LEAN_PATH=/home/runner/work/batteries/batteries/.lake/packages/MD4Lean/.lake/build/lib/lean:/home/runner/work/batteries/batteries/.lake/packages/BibtexQuery/.lake/build/lib/lean:/home/runner/work/batteries/batteries/.lake/packages/UnicodeBasic/.lake/build/lib/lean:/home/runner/work/batteries/batteries/.lake/packages/Cli/.lake/build/lib/lean:/home/runner/work/batteries/batteries/.lake/packages/doc-gen4/.lake/build/lib/lean:/home/runner/work/batteries/batteries/.lake/build/lib/lean:/home/runner/work/batteries/batteries/docs/lib/lean:/home/runner/.elan/toolchains/leanprover--lean4---v4.27.0-rc1/lib/lean LEAN_SRC_PATH=/home/runner/work/batteries/batteries/.lake/packages/MD4Lean:/home/runner/work/batteries/batteries/.lake/packages/MD4Lean:/home/runner/work/batteries/batteries/.lake/packages/BibtexQuery:/home/runner/work/batteries/batteries/.lake/packages/UnicodeBasic:/home/runner/work/batteries/batteries/.lake/packages/UnicodeBasic:/home/runner/work/batteries/batteries/.lake/packages/Cli:/home/runner/work/batteries/batteries/.lake/packages/Cli:/home/runner/work/batteries/batteries/.lake/packages/doc-gen4:/home/runner/work/batteries/batteries:/home/runner/work/batteries/batteries:/home/runner/.elan/toolchains/leanprover--lean4---v4.27.0-rc1/src/lean/lake LEAN_GITHASH=2fcce7258eeb6e324366bc25f9058293b04b7547 PATH LD_LIBRARY_PATH=/home/runner/.elan/toolchains/leanprover--lean4---v4.27.0-rc1/lib/lean:/home/runner/.elan/toolchains/leanprover--lean4---v4.27.0-rc1/lib:/home/runner/work/batteries/batteries/docs/lib:/home/runner/work/batteries/batteries/.lake/build/lib:/home/runner/work/batteries/batteries/.lake/packages/doc-gen4/.lake/build/lib:/home/runner/work/batteries/batteries/.lake/packages/Cli/.lake/build/lib:/home/runner/work/batteries/batteries/.lake/packages/UnicodeBasic/.lake/build/lib:/home/runner/work/batteries/batteries/.lake/packages/BibtexQuery/.lake/build/lib:/home/runner/work/batteries/batteries/.lake/packages/MD4Lean/.lake/build/lib /home/runner/work/batteries/batteries/.lake/packages/doc-gen4/.lake/build/bin/doc-gen4 single --build /home/runner/work/batteries/batteries/docs Batteries https://github.com/leanprover-community/batteries/blob/d320358435ce77f0be1d91d493e797876112beba/Batteries.lean",
   "level": "trace"}],
 "inputs":
 [["<collection>",
   [["/home/runner/work/batteries/batteries/docs/doc/Batteries/Classes/Cast.html",
     "6e91df664dbb8414"],
    ["/home/runner/work/batteries/batteries/docs/doc/Batteries/Classes/Deprecated.html",
     "fc43f30de6016d0e"],
    ["/home/runner/work/batteries/batteries/docs/doc/Batteries/Classes/Order.html",
     "d87fba7d9bd98fa2"],
    ["/home/runner/work/batteries/batteries/docs/doc/Batteries/Classes/RatCast.html",
     "8c21fc6e96106bc5"],
    ["/home/runner/work/batteries/batteries/docs/doc/Batteries/Classes/SatisfiesM.html",
     "cf37c0c237d069b5"],
    ["/home/runner/work/batteries/batteries/docs/doc/Batteries/CodeAction.html",
     "5d9a7e631db22ff5"],
    ["/home/runner/work/batteries/batteries/docs/doc/Batteries/CodeAction/Attr.html",
     "912e38cf546daa4f"],
    ["/home/runner/work/batteries/batteries/docs/doc/Batteries/CodeAction/Basic.html",
     "2dc95374db7d0a94"],
    ["/home/runner/work/batteries/batteries/docs/doc/Batteries/CodeAction/Deprecated.html",
     "060dfcc414999244"],
    ["/home/runner/work/batteries/batteries/docs/doc/Batteries/CodeAction/Match.html",
     "2aa835676415349a"],
    ["/home/runner/work/batteries/batteries/docs/doc/Batteries/CodeAction/Misc.html",
     "c3b1acfcdbac456d"],
    ["/home/runner/work/batteries/batteries/docs/doc/Batteries/Control/AlternativeMonad.html",
     "b45b11491072649e"],
    ["/home/runner/work/batteries/batteries/docs/doc/Batteries/Control/ForInStep.html",
     "b0177075603d7ec2"],
    ["/home/runner/work/batteries/batteries/docs/doc/Batteries/Control/ForInStep/Basic.html",
     "f59823db4b3e9c2b"],
    ["/home/runner/work/batteries/batteries/docs/doc/Batteries/Control/ForInStep/Lemmas.html",
     "fead5b04934417a9"],
    ["/home/runner/work/batteries/batteries/docs/doc/Batteries/Control/LawfulMonadState.html",
     "2022991400ba6ed1"],
    ["/home/runner/work/batteries/batteries/docs/doc/Batteries/Control/Lemmas.html",
     "06ca649b27dcb07b"],
    ["/home/runner/work/batteries/batteries/docs/doc/Batteries/Control/Monad.html",
     "424bba186fe479a6"],
    ["/home/runner/work/batteries/batteries/docs/doc/Batteries/Control/Nondet/Basic.html",
     "9c5ffe16291ebd56"],
    ["/home/runner/work/batteries/batteries/docs/doc/Batteries/Control/OptionT.html",
     "cdc98139aa96ab45"],
    ["/home/runner/work/batteries/batteries/docs/doc/Batteries/Data/Array.html",
     "e7d2b510fb36f107"],
    ["/home/runner/work/batteries/batteries/docs/doc/Batteries/Data/AssocList.html",
     "498dc0e0c783c77d"],
    ["/home/runner/work/batteries/batteries/docs/doc/Batteries/Data/BinaryHeap.html",
     "debb2b292555dc8c"],
    ["/home/runner/work/batteries/batteries/docs/doc/Batteries/Data/BinomialHeap.html",
     "cae9c334f9f995a5"],
    ["/home/runner/work/batteries/batteries/docs/doc/Batteries/Data/BitVec.html",
     "18d29bd9ac726834"],
    ["/home/runner/work/batteries/batteries/docs/doc/Batteries/Data/ByteArray.html",
     "c6e7c073892f1e91"],
    ["/home/runner/work/batteries/batteries/docs/doc/Batteries/Data/ByteSlice.html",
     "582ad7ac3f3ff187"],
    ["/home/runner/work/batteries/batteries/docs/doc/Batteries/Data/Char.html",
     "7a59ebd921e19d35"],
    ["/home/runner/work/batteries/batteries/docs/doc/Batteries/Data/DList.html",
     "08f9181330af5330"],
    ["/home/runner/work/batteries/batteries/docs/doc/Batteries/Data/Fin.html",
     "1774784fcd64747f"],
    ["/home/runner/work/batteries/batteries/docs/doc/Batteries/Data/FloatArray.html",
     "6188cd94d7cda697"],
    ["/home/runner/work/batteries/batteries/docs/doc/Batteries/Data/HashMap.html",
     "fd2b3d4c497c2e09"],
    ["/home/runner/work/batteries/batteries/docs/doc/Batteries/Data/Int.html",
     "bd1b97b43fbbfa70"],
    ["/home/runner/work/batteries/batteries/docs/doc/Batteries/Data/List.html",
     "e820f2cc8e7f69da"],
    ["/home/runner/work/batteries/batteries/docs/doc/Batteries/Data/MLList.html",
     "7ff1030c7c37e68e"],
    ["/home/runner/work/batteries/batteries/docs/doc/Batteries/Data/NameSet.html",
     "de0eeb45fc4cdfd5"],
    ["/home/runner/work/batteries/batteries/docs/doc/Batteries/Data/Nat.html",
     "2f9e6c74bb65dcd7"],
    ["/home/runner/work/batteries/batteries/docs/doc/Batteries/Data/PairingHeap.html",
     "230b0a5b69b2d992"],
    ["/home/runner/work/batteries/batteries/docs/doc/Batteries/Data/RBMap.html",
     "0cbb0ef7234b656b"],
    ["/home/runner/work/batteries/batteries/docs/doc/Batteries/Data/Random.html",
     "682f6f1ace29c832"],
    ["/home/runner/work/batteries/batteries/docs/doc/Batteries/Data/Range.html",
     "bf7fc9fbc58f7d88"],
    ["/home/runner/work/batteries/batteries/docs/doc/Batteries/Data/Rat.html",
     "0174753eaa7eddea"],
    ["/home/runner/work/batteries/batteries/docs/doc/Batteries/Data/Stream.html",
     "b14bb8e546ba44ad"],
    ["/home/runner/work/batteries/batteries/docs/doc/Batteries/Data/String.html",
     "96fdb6f751a6520e"],
    ["/home/runner/work/batteries/batteries/docs/doc/Batteries/Data/UInt.html",
     "fb46a2a51a0d3f56"],
    ["/home/runner/work/batteries/batteries/docs/doc/Batteries/Data/UnionFind.html",
     "0647a3ba4bfcae05"],
    ["/home/runner/work/batteries/batteries/docs/doc/Batteries/Data/Vector.html",
     "f3ce962523f52bb4"],
    ["/home/runner/work/batteries/batteries/docs/doc/Batteries/Lean/AttributeExtra.html",
     "94ffbd34fc15bb84"],
    ["/home/runner/work/batteries/batteries/docs/doc/Batteries/Lean/EStateM.html",
     "da86d407900c634a"],
    ["/home/runner/work/batteries/batteries/docs/doc/Batteries/Lean/Except.html",
     "a91187da75673778"],
    ["/home/runner/work/batteries/batteries/docs/doc/Batteries/Lean/Expr.html",
     "370497cc93ebfdcf"],
    ["/home/runner/work/batteries/batteries/docs/doc/Batteries/Lean/Float.html",
     "41e81bf715c77cad"],
    ["/home/runner/work/batteries/batteries/docs/doc/Batteries/Lean/HashMap.html",
     "3995a1183aa5c498"],
    ["/home/runner/work/batteries/batteries/docs/doc/Batteries/Lean/HashSet.html",
     "dc5ce2aeca8a12aa"],
    ["/home/runner/work/batteries/batteries/docs/doc/Batteries/Lean/IO/Process.html",
     "8f98c36dab115211"],
    ["/home/runner/work/batteries/batteries/docs/doc/Batteries/Lean/Json.html",
     "1efe015e02d8718a"],
    ["/home/runner/work/batteries/batteries/docs/doc/Batteries/Lean/LawfulMonad.html",
     "e4962af9528a78ca"],
    ["/home/runner/work/batteries/batteries/docs/doc/Batteries/Lean/LawfulMonadLift.html",
     "37d8514d3de304a6"],
    ["/home/runner/work/batteries/batteries/docs/doc/Batteries/Lean/Meta/Basic.html",
     "9585eb05788128d9"],
    ["/home/runner/work/batteries/batteries/docs/doc/Batteries/Lean/Meta/DiscrTree.html",
     "0220343baa8ac4df"],
    ["/home/runner/work/batteries/batteries/docs/doc/Batteries/Lean/Meta/Expr.html",
     "2630f9af298c072d"],
    ["/home/runner/work/batteries/batteries/docs/doc/Batteries/Lean/Meta/Inaccessible.html",
     "ea79ab024e93a5a4"],
    ["/home/runner/work/batteries/batteries/docs/doc/Batteries/Lean/Meta/InstantiateMVars.html",
     "c41f4792365dc19c"],
    ["/home/runner/work/batteries/batteries/docs/doc/Batteries/Lean/Meta/SavedState.html",
     "f2b43f60f839fc4c"],
    ["/home/runner/work/batteries/batteries/docs/doc/Batteries/Lean/Meta/Simp.html",
     "750b826e18e9bca7"],
    ["/home/runner/work/batteries/batteries/docs/doc/Batteries/Lean/Meta/UnusedNames.html",
     "09e3cbc9ed5bbab3"],
    ["/home/runner/work/batteries/batteries/docs/doc/Batteries/Lean/MonadBacktrack.html",
     "361da59e4e74cbe4"],
    ["/home/runner/work/batteries/batteries/docs/doc/Batteries/Lean/NameMapAttribute.html",
     "5a9536c25b9f84b1"],
    ["/home/runner/work/batteries/batteries/docs/doc/Batteries/Lean/PersistentHashMap.html",
     "69199ea56bb9286b"],
    ["/home/runner/work/batteries/batteries/docs/doc/Batteries/Lean/PersistentHashSet.html",
     "cf98109ac647271a"],
    ["/home/runner/work/batteries/batteries/docs/doc/Batteries/Lean/Position.html",
     "c7f1c849c1abe9e3"],
    ["/home/runner/work/batteries/batteries/docs/doc/Batteries/Lean/SatisfiesM.html",
     "74e8bfb134de4792"],
    ["/home/runner/work/batteries/batteries/docs/doc/Batteries/Lean/Syntax.html",
     "e5892f47a0a4d9aa"],
    ["/home/runner/work/batteries/batteries/docs/doc/Batteries/Lean/System/IO.html",
     "add93dbccabcd2d4"],
    ["/home/runner/work/batteries/batteries/docs/doc/Batteries/Lean/TagAttribute.html",
     "bd40fc3f3ba211bf"],
    ["/home/runner/work/batteries/batteries/docs/doc/Batteries/Lean/Util/EnvSearch.html",
     "32cdc9bab944cdd5"],
    ["/home/runner/work/batteries/batteries/docs/doc/Batteries/Linter.html",
     "6e104dd3c22bd48f"],
    ["/home/runner/work/batteries/batteries/docs/doc/Batteries/Linter/UnnecessarySeqFocus.html",
     "975ec79e6c535803"],
    ["/home/runner/work/batteries/batteries/docs/doc/Batteries/Linter/UnreachableTactic.html",
     "6d721836998f8c97"],
    ["/home/runner/work/batteries/batteries/docs/doc/Batteries/Logic.html",
     "802688e8ae27ab21"],
    ["/home/runner/work/batteries/batteries/docs/doc/Batteries/Tactic/Alias.html",
     "eaf653060f478574"],
    ["/home/runner/work/batteries/batteries/docs/doc/Batteries/Tactic/Basic.html",
     "165634670271042c"],
    ["/home/runner/work/batteries/batteries/docs/doc/Batteries/Tactic/Case.html",
     "4b266ef5af0898b8"],
    ["/home/runner/work/batteries/batteries/docs/doc/Batteries/Tactic/Congr.html",
     "f38b6618cefdd78d"],
    ["/home/runner/work/batteries/batteries/docs/doc/Batteries/Tactic/Exact.html",
     "13303b4c99bacb93"],
    ["/home/runner/work/batteries/batteries/docs/doc/Batteries/Tactic/GeneralizeProofs.html",
     "089a99056de1a91f"],
    ["/home/runner/work/batteries/batteries/docs/doc/Batteries/Tactic/HelpCmd.html",
     "1104b92350d7cb3a"],
    ["/home/runner/work/batteries/batteries/docs/doc/Batteries/Tactic/Init.html",
     "94b174b337283589"],
    ["/home/runner/work/batteries/batteries/docs/doc/Batteries/Tactic/Instances.html",
     "cd6e53f821a35161"],
    ["/home/runner/work/batteries/batteries/docs/doc/Batteries/Tactic/Lemma.html",
     "d8578759690ddd2b"],
    ["/home/runner/work/batteries/batteries/docs/doc/Batteries/Tactic/Lint.html",
     "8b2a3780f3dc2876"],
    ["/home/runner/work/batteries/batteries/docs/doc/Batteries/Tactic/Lint/Basic.html",
     "1960e8352001d640"],
    ["/home/runner/work/batteries/batteries/docs/doc/Batteries/Tactic/Lint/Frontend.html",
     "e90c51e3427d062e"],
    ["/home/runner/work/batteries/batteries/docs/doc/Batteries/Tactic/Lint/Misc.html",
     "f1ba9b09b8e4f86d"],
    ["/home/runner/work/batteries/batteries/docs/doc/Batteries/Tactic/Lint/Simp.html",
     "ab8d6b7c84e18c7c"],
    ["/home/runner/work/batteries/batteries/docs/doc/Batteries/Tactic/Lint/TypeClass.html",
     "c26036c34843d25d"],
    ["/home/runner/work/batteries/batteries/docs/doc/Batteries/Tactic/NoMatch.html",
     "ed71502a0c012712"],
    ["/home/runner/work/batteries/batteries/docs/doc/Batteries/Tactic/OpenPrivate.html",
     "fb18f50267905845"],
    ["/home/runner/work/batteries/batteries/docs/doc/Batteries/Tactic/PermuteGoals.html",
     "2b2377b4bc7ca58d"],
    ["/home/runner/work/batteries/batteries/docs/doc/Batteries/Tactic/PrintDependents.html",
     "322c47a42f8035b9"],
    ["/home/runner/work/batteries/batteries/docs/doc/Batteries/Tactic/PrintOpaques.html",
     "ea7cb7b3218fe06a"],
    ["/home/runner/work/batteries/batteries/docs/doc/Batteries/Tactic/PrintPrefix.html",
     "65b791e1652801ba"],
    ["/home/runner/work/batteries/batteries/docs/doc/Batteries/Tactic/SeqFocus.html",
     "87b852e05c9e4cb8"],
    ["/home/runner/work/batteries/batteries/docs/doc/Batteries/Tactic/ShowUnused.html",
     "3de8bc9a5f43bdb8"],
    ["/home/runner/work/batteries/batteries/docs/doc/Batteries/Tactic/SqueezeScope.html",
     "20c3ac9d5c42fff5"],
    ["/home/runner/work/batteries/batteries/docs/doc/Batteries/Tactic/Trans.html",
     "a22ece6516b9e6cf"],
    ["/home/runner/work/batteries/batteries/docs/doc/Batteries/Tactic/Unreachable.html",
     "0eff05c93976363f"],
    ["/home/runner/work/batteries/batteries/docs/doc/Batteries/Util/Cache.html",
     "0dd05aab7ddc39ed"],
    ["/home/runner/work/batteries/batteries/docs/doc/Batteries/Util/ExtendedBinder.html",
     "cefd113dca5aba7a"],
    ["/home/runner/work/batteries/batteries/docs/doc/Batteries/Util/LibraryNote.html",
     "38e98786a9c3f9fa"],
    ["/home/runner/work/batteries/batteries/docs/doc/Batteries/Util/Panic.html",
     "40a6c9604bb5b35a"],
    ["/home/runner/work/batteries/batteries/docs/doc/Batteries/Util/Pickle.html",
     "dd3412fc028110d6"],
    ["/home/runner/work/batteries/batteries/docs/doc/Batteries/Util/ProofWanted.html",
     "d810e01373f62234"]]],
  ["/home/runner/work/batteries/batteries/docs/doc-data/references.json",
   "a50f2257f35adb49"],
  ["/home/runner/work/batteries/batteries/.lake/packages/doc-gen4/.lake/build/bin/doc-gen4",
   "fa9ff2092d576597"],
  ["Batteries:leanArts", "3a2f1565fc179d5f"]],
 "depHash": "0667aca51f520b9b"}