{"synthetic": false,
 "schemaVersion": "2025-09-10",
 "outputs": null,
 "log":
 [{"message": "Documentation indexing", "level": "info"},
  {"message":
   ".> /home/runner/work/batteries/batteries/.lake/packages/doc-gen4/.lake/build/bin/doc-gen4 index --build /home/runner/work/batteries/batteries/docs",
   "level": "trace"}],
 "inputs":
 [["/home/runner/work/batteries/batteries/.lake/packages/doc-gen4/.lake/build/bin/doc-gen4",
   "fa9ff2092d576597"],
  ["<nil>", "7b9f5ff346c3f45f"],
  ["<collection>",
   [["/home/runner/work/batteries/batteries/docs/doc/Batteries/Util/LibraryNote.html",
     "38e98786a9c3f9fa"],
    ["/home/runner/work/batteries/batteries/docs/doc/Batteries/Classes/Cast.html",
     "6e91df664dbb8414"],
    ["/home/runner/work/batteries/batteries/docs/doc/Batteries/Tactic/Unreachable.html",
     "0eff05c93976363f"],
    ["/home/runner/work/batteries/batteries/docs/doc/Batteries/Linter/UnreachableTactic.html",
     "6d721836998f8c97"],
    ["/home/runner/work/batteries/batteries/docs/doc/Batteries/Lean/TagAttribute.html",
     "bd40fc3f3ba211bf"],
    ["/home/runner/work/batteries/batteries/docs/doc/Batteries/Lean/AttributeExtra.html",
     "94ffbd34fc15bb84"],
    ["/home/runner/work/batteries/batteries/docs/doc/Batteries/Linter/UnnecessarySeqFocus.html",
     "975ec79e6c535803"],
    ["/home/runner/work/batteries/batteries/docs/doc/Batteries/Linter.html",
     "6e104dd3c22bd48f"],
    ["/home/runner/work/batteries/batteries/docs/doc/Batteries/Tactic/Init.html",
     "94b174b337283589"],
    ["/home/runner/work/batteries/batteries/docs/doc/Batteries/Tactic/SeqFocus.html",
     "87b852e05c9e4cb8"],
    ["/home/runner/work/batteries/batteries/docs/doc/Batteries/Util/ProofWanted.html",
     "d810e01373f62234"],
    ["/home/runner/work/batteries/batteries/docs/doc/Batteries/Tactic/Basic.html",
     "165634670271042c"],
    ["/home/runner/work/batteries/batteries/docs/doc/Batteries/Classes/Order.html",
     "d87fba7d9bd98fa2"],
    ["/home/runner/work/batteries/batteries/docs/doc/Batteries/Classes/Deprecated.html",
     "fc43f30de6016d0e"],
    ["/home/runner/work/batteries/batteries/docs/doc/Batteries/Classes/RatCast.html",
     "8c21fc6e96106bc5"],
    ["/home/runner/work/batteries/batteries/docs/doc/Batteries/Lean/EStateM.html",
     "da86d407900c634a"],
    ["/home/runner/work/batteries/batteries/docs/doc/Batteries/Lean/Except.html",
     "a91187da75673778"],
    ["/home/runner/work/batteries/batteries/docs/doc/Batteries/Classes/SatisfiesM.html",
     "cf37c0c237d069b5"],
    ["/home/runner/work/batteries/batteries/docs/doc/Batteries/CodeAction/Attr.html",
     "912e38cf546daa4f"],
    ["/home/runner/work/batteries/batteries/docs/doc/Batteries/CodeAction/Basic.html",
     "2dc95374db7d0a94"],
    ["/home/runner/work/batteries/batteries/docs/doc/Batteries/Lean/Position.html",
     "c7f1c849c1abe9e3"],
    ["/home/runner/work/batteries/batteries/docs/doc/Batteries/CodeAction/Misc.html",
     "c3b1acfcdbac456d"],
    ["/home/runner/work/batteries/batteries/docs/doc/Batteries/Data/List/ArrayMap.html",
     "c24a30e654c865c4"],
    ["/home/runner/work/batteries/batteries/docs/doc/Batteries/CodeAction/Deprecated.html",
     "060dfcc414999244"],
    ["/home/runner/work/batteries/batteries/docs/doc/Batteries/Tactic/Alias.html",
     "eaf653060f478574"],
    ["/home/runner/work/batteries/batteries/docs/doc/Batteries/Data/List/Basic.html",
     "e3f1731be30408d8"],
    ["/home/runner/work/batteries/batteries/docs/doc/Batteries/Data/List/Count.html",
     "0a9e778aceb03961"],
    ["/home/runner/work/batteries/batteries/docs/doc/Batteries/Data/List/Init/Lemmas.html",
     "41f1dd3a21f1f81e"],
    ["/home/runner/work/batteries/batteries/docs/doc/Batteries/Control/ForInStep/Basic.html",
     "f59823db4b3e9c2b"],
    ["/home/runner/work/batteries/batteries/docs/doc/Batteries/Control/ForInStep/Lemmas.html",
     "fead5b04934417a9"],
    ["/home/runner/work/batteries/batteries/docs/doc/Batteries/Data/List/Lemmas.html",
     "d8c7f7a3bc673e54"],
    ["/home/runner/work/batteries/batteries/docs/doc/Batteries/Data/Array/Match.html",
     "b783f5f9cf1565fb"],
    ["/home/runner/work/batteries/batteries/docs/doc/Batteries/Data/List/Matcher.html",
     "2c5c061557322ca7"],
    ["/home/runner/work/batteries/batteries/docs/doc/Batteries/Data/List/Monadic.html",
     "97f761d76823b7a3"],
    ["/home/runner/work/batteries/batteries/docs/doc/Batteries/Data/List/Pairwise.html",
     "cc03e52bc65a52cf"],
    ["/home/runner/work/batteries/batteries/docs/doc/Batteries/Data/List/Perm.html",
     "6f7fafc4ad62d095"],
    ["/home/runner/work/batteries/batteries/docs/doc/Batteries/Data/List/Scan.html",
     "3cd9430524d8433f"],
    ["/home/runner/work/batteries/batteries/docs/doc/Batteries/Data/List.html",
     "e820f2cc8e7f69da"],
    ["/home/runner/work/batteries/batteries/docs/doc/Batteries/CodeAction/Match.html",
     "2aa835676415349a"],
    ["/home/runner/work/batteries/batteries/docs/doc/Batteries/CodeAction.html",
     "5d9a7e631db22ff5"],
    ["/home/runner/work/batteries/batteries/docs/doc/Batteries/Control/Lemmas.html",
     "06ca649b27dcb07b"],
    ["/home/runner/work/batteries/batteries/docs/doc/Batteries/Control/LawfulMonadState.html",
     "2022991400ba6ed1"],
    ["/home/runner/work/batteries/batteries/docs/doc/Batteries/Control/OptionT.html",
     "cdc98139aa96ab45"],
    ["/home/runner/work/batteries/batteries/docs/doc/Batteries/Control/AlternativeMonad.html",
     "b45b11491072649e"],
    ["/home/runner/work/batteries/batteries/docs/doc/Batteries/Control/ForInStep.html",
     "b0177075603d7ec2"],
    ["/home/runner/work/batteries/batteries/docs/doc/Batteries/Control/Monad.html",
     "424bba186fe479a6"],
    ["/home/runner/work/batteries/batteries/docs/doc/Batteries/Tactic/Lint/Basic.html",
     "1960e8352001d640"],
    ["/home/runner/work/batteries/batteries/docs/doc/Batteries/Tactic/Lint/Misc.html",
     "f1ba9b09b8e4f86d"],
    ["/home/runner/work/batteries/batteries/docs/doc/Batteries/Data/MLList/Basic.html",
     "2a4da090d290644c"],
    ["/home/runner/work/batteries/batteries/docs/doc/Batteries/Control/Nondet/Basic.html",
     "9c5ffe16291ebd56"],
    ["/home/runner/work/batteries/batteries/docs/doc/Batteries/Data/Array/Basic.html",
     "dd214179dac24348"],
    ["/home/runner/work/batteries/batteries/docs/doc/Batteries/Data/Array/Init/Lemmas.html",
     "88f75e4ad09599d4"],
    ["/home/runner/work/batteries/batteries/docs/doc/Batteries/Data/Array/Lemmas.html",
     "227a0fdb8c2860f7"],
    ["/home/runner/work/batteries/batteries/docs/doc/Batteries/Data/Array/Merge.html",
     "ee6815d808b26453"],
    ["/home/runner/work/batteries/batteries/docs/doc/Batteries/Data/Array/Monadic.html",
     "8457d9f96e80913c"],
    ["/home/runner/work/batteries/batteries/docs/doc/Batteries/Data/Array/Pairwise.html",
     "b8f513b9ad848c80"],
    ["/home/runner/work/batteries/batteries/docs/doc/Batteries/Data/Array.html",
     "e7d2b510fb36f107"],
    ["/home/runner/work/batteries/batteries/docs/doc/Batteries/Data/AssocList.html",
     "498dc0e0c783c77d"],
    ["/home/runner/work/batteries/batteries/docs/doc/Batteries/Data/BinaryHeap.html",
     "debb2b292555dc8c"],
    ["/home/runner/work/batteries/batteries/docs/doc/Batteries/Data/BinomialHeap/Basic.html",
     "710dce1602e5262d"],
    ["/home/runner/work/batteries/batteries/docs/doc/Batteries/Data/BinomialHeap/Lemmas.html",
     "82df49130aa4fe1d"],
    ["/home/runner/work/batteries/batteries/docs/doc/Batteries/Data/BinomialHeap.html",
     "cae9c334f9f995a5"],
    ["/home/runner/work/batteries/batteries/docs/doc/Batteries/Data/BitVec/Basic.html",
     "66bb8d5b1b44b3a0"],
    ["/home/runner/work/batteries/batteries/docs/doc/Batteries/Data/Nat/Basic.html",
     "6a7b9b73fb38cd5f"],
    ["/home/runner/work/batteries/batteries/docs/doc/Batteries/Data/Nat/Lemmas.html",
     "70cb0acc3e9ff0e7"],
    ["/home/runner/work/batteries/batteries/docs/doc/Batteries/Data/Fin/OfBits.html",
     "c242f64e0672f067"],
    ["/home/runner/work/batteries/batteries/docs/doc/Batteries/Data/Int.html",
     "bd1b97b43fbbfa70"],
    ["/home/runner/work/batteries/batteries/docs/doc/Batteries/Data/BitVec/Lemmas.html",
     "1ac4e2bef1b83381"],
    ["/home/runner/work/batteries/batteries/docs/doc/Batteries/Data/BitVec.html",
     "18d29bd9ac726834"],
    ["/home/runner/work/batteries/batteries/docs/doc/Batteries/Data/ByteArray.html",
     "c6e7c073892f1e91"],
    ["/home/runner/work/batteries/batteries/docs/doc/Batteries/Data/ByteSlice.html",
     "582ad7ac3f3ff187"],
    ["/home/runner/work/batteries/batteries/docs/doc/Batteries/Data/Char/Basic.html",
     "727ac9cc715a4326"],
    ["/home/runner/work/batteries/batteries/docs/doc/Batteries/Data/Char/AsciiCasing.html",
     "6761d28bf46c7c9a"],
    ["/home/runner/work/batteries/batteries/docs/doc/Batteries/Data/Char.html",
     "7a59ebd921e19d35"],
    ["/home/runner/work/batteries/batteries/docs/doc/Batteries/Data/DList/Basic.html",
     "320acf292da205d5"],
    ["/home/runner/work/batteries/batteries/docs/doc/Batteries/Data/DList/Lemmas.html",
     "6acb1a79a9a882b8"],
    ["/home/runner/work/batteries/batteries/docs/doc/Batteries/Data/DList.html",
     "08f9181330af5330"],
    ["/home/runner/work/batteries/batteries/docs/doc/Batteries/Data/Fin/Basic.html",
     "799620860be6d60a"],
    ["/home/runner/work/batteries/batteries/docs/doc/Batteries/Data/Fin/Fold.html",
     "85079cd6519ab06b"],
    ["/home/runner/work/batteries/batteries/docs/doc/Batteries/Data/Fin/Lemmas.html",
     "833346a35111a10d"],
    ["/home/runner/work/batteries/batteries/docs/doc/Batteries/Data/Fin.html",
     "1774784fcd64747f"],
    ["/home/runner/work/batteries/batteries/docs/doc/Batteries/Data/FloatArray.html",
     "6188cd94d7cda697"],
    ["/home/runner/work/batteries/batteries/docs/doc/Batteries/Lean/HashMap.html",
     "3995a1183aa5c498"],
    ["/home/runner/work/batteries/batteries/docs/doc/Batteries/Data/HashMap/Basic.html",
     "bdcbe647f78413e3"],
    ["/home/runner/work/batteries/batteries/docs/doc/Batteries/Data/HashMap.html",
     "fd2b3d4c497c2e09"],
    ["/home/runner/work/batteries/batteries/docs/doc/Batteries/Data/MLList/Heartbeats.html",
     "a06f134203c3bf25"],
    ["/home/runner/work/batteries/batteries/docs/doc/Batteries/Lean/System/IO.html",
     "add93dbccabcd2d4"],
    ["/home/runner/work/batteries/batteries/docs/doc/Batteries/Data/MLList/IO.html",
     "752fc136f31d3706"],
    ["/home/runner/work/batteries/batteries/docs/doc/Batteries/Data/MLList.html",
     "7ff1030c7c37e68e"],
    ["/home/runner/work/batteries/batteries/docs/doc/Batteries/Data/NameSet.html",
     "de0eeb45fc4cdfd5"],
    ["/home/runner/work/batteries/batteries/docs/doc/Batteries/Data/Nat/Bisect.html",
     "623705ef5301c53e"],
    ["/home/runner/work/batteries/batteries/docs/doc/Batteries/Data/Nat/Bitwise.html",
     "d0ede629b21789f7"],
    ["/home/runner/work/batteries/batteries/docs/doc/Batteries/Data/Nat/Digits.html",
     "4634d2f1ffb19c16"],
    ["/home/runner/work/batteries/batteries/docs/doc/Batteries/Data/Nat/Gcd.html",
     "547cd67565c495d2"],
    ["/home/runner/work/batteries/batteries/docs/doc/Batteries/Data/Nat.html",
     "2f9e6c74bb65dcd7"],
    ["/home/runner/work/batteries/batteries/docs/doc/Batteries/Data/PairingHeap.html",
     "230b0a5b69b2d992"],
    ["/home/runner/work/batteries/batteries/docs/doc/Batteries/Data/RBMap/Basic.html",
     "7c3b74409f2704cd"],
    ["/home/runner/work/batteries/batteries/docs/doc/Batteries/Data/RBMap/WF.html",
     "1c2b1aebcf426853"],
    ["/home/runner/work/batteries/batteries/docs/doc/Batteries/Data/RBMap/Alter.html",
     "de7a8361da953815"],
    ["/home/runner/work/batteries/batteries/docs/doc/Batteries/Data/RBMap/Depth.html",
     "d6238426bd5b9e98"],
    ["/home/runner/work/batteries/batteries/docs/doc/Batteries/Data/RBMap/Lemmas.html",
     "765c45aadf0bb060"],
    ["/home/runner/work/batteries/batteries/docs/doc/Batteries/Data/RBMap.html",
     "0cbb0ef7234b656b"],
    ["/home/runner/work/batteries/batteries/docs/doc/Batteries/Data/Random/MersenneTwister.html",
     "61909d1e52aacfa8"],
    ["/home/runner/work/batteries/batteries/docs/doc/Batteries/Data/Random.html",
     "682f6f1ace29c832"],
    ["/home/runner/work/batteries/batteries/docs/doc/Batteries/Data/Range/Lemmas.html",
     "64525f3d5ba7818c"],
    ["/home/runner/work/batteries/batteries/docs/doc/Batteries/Data/Range.html",
     "bf7fc9fbc58f7d88"],
    ["/home/runner/work/batteries/batteries/docs/doc/Batteries/Lean/Float.html",
     "41e81bf715c77cad"],
    ["/home/runner/work/batteries/batteries/docs/doc/Batteries/Data/Rat/Float.html",
     "6498ed33cd7c96a4"],
    ["/home/runner/work/batteries/batteries/docs/doc/Batteries/Data/Rat.html",
     "0174753eaa7eddea"],
    ["/home/runner/work/batteries/batteries/docs/doc/Batteries/Data/Stream.html",
     "b14bb8e546ba44ad"],
    ["/home/runner/work/batteries/batteries/docs/doc/Batteries/Data/String/AsciiCasing.html",
     "cae3e6642a661599"],
    ["/home/runner/work/batteries/batteries/docs/doc/Batteries/Data/String/Basic.html",
     "3b14450d199a7242"],
    ["/home/runner/work/batteries/batteries/docs/doc/Batteries/Data/String/Legacy.html",
     "17100f8b342a0c1b"],
    ["/home/runner/work/batteries/batteries/docs/doc/Batteries/Data/String/Lemmas.html",
     "877a7dc775051f7e"],
    ["/home/runner/work/batteries/batteries/docs/doc/Batteries/Data/String/Matcher.html",
     "546206ec7ab0a472"],
    ["/home/runner/work/batteries/batteries/docs/doc/Batteries/Data/String.html",
     "96fdb6f751a6520e"],
    ["/home/runner/work/batteries/batteries/docs/doc/Batteries/Data/UInt.html",
     "fb46a2a51a0d3f56"],
    ["/home/runner/work/batteries/batteries/docs/doc/Batteries/Util/Panic.html",
     "40a6c9604bb5b35a"],
    ["/home/runner/work/batteries/batteries/docs/doc/Batteries/Data/UnionFind/Basic.html",
     "8780709bfaff8c03"],
    ["/home/runner/work/batteries/batteries/docs/doc/Batteries/Data/UnionFind/Lemmas.html",
     "d764aca915ade598"],
    ["/home/runner/work/batteries/batteries/docs/doc/Batteries/Data/UnionFind.html",
     "0647a3ba4bfcae05"],
    ["/home/runner/work/batteries/batteries/docs/doc/Batteries/Data/Vector/Basic.html",
     "51e67dc970d65792"],
    ["/home/runner/work/batteries/batteries/docs/doc/Batteries/Data/Vector/Lemmas.html",
     "087e013af7e83bf2"],
    ["/home/runner/work/batteries/batteries/docs/doc/Batteries/Data/Vector/Monadic.html",
     "1a825cc3ff86feef"],
    ["/home/runner/work/batteries/batteries/docs/doc/Batteries/Data/Vector.html",
     "f3ce962523f52bb4"],
    ["/home/runner/work/batteries/batteries/docs/doc/Batteries/Lean/Expr.html",
     "370497cc93ebfdcf"],
    ["/home/runner/work/batteries/batteries/docs/doc/Batteries/Lean/HashSet.html",
     "dc5ce2aeca8a12aa"],
    ["/home/runner/work/batteries/batteries/docs/doc/Batteries/Lean/IO/Process.html",
     "8f98c36dab115211"],
    ["/home/runner/work/batteries/batteries/docs/doc/Batteries/Lean/Json.html",
     "1efe015e02d8718a"],
    ["/home/runner/work/batteries/batteries/docs/doc/Batteries/Lean/LawfulMonad.html",
     "e4962af9528a78ca"],
    ["/home/runner/work/batteries/batteries/docs/doc/Batteries/Lean/LawfulMonadLift.html",
     "37d8514d3de304a6"],
    ["/home/runner/work/batteries/batteries/docs/doc/Batteries/Lean/Meta/Basic.html",
     "9585eb05788128d9"],
    ["/home/runner/work/batteries/batteries/docs/doc/Batteries/Lean/Meta/Expr.html",
     "2630f9af298c072d"],
    ["/home/runner/work/batteries/batteries/docs/doc/Batteries/Lean/PersistentHashMap.html",
     "69199ea56bb9286b"],
    ["/home/runner/work/batteries/batteries/docs/doc/Batteries/Lean/Meta/DiscrTree.html",
     "0220343baa8ac4df"],
    ["/home/runner/work/batteries/batteries/docs/doc/Batteries/Lean/Meta/Inaccessible.html",
     "ea79ab024e93a5a4"],
    ["/home/runner/work/batteries/batteries/docs/doc/Batteries/Lean/Meta/InstantiateMVars.html",
     "c41f4792365dc19c"],
    ["/home/runner/work/batteries/batteries/docs/doc/Batteries/Lean/MonadBacktrack.html",
     "361da59e4e74cbe4"],
    ["/home/runner/work/batteries/batteries/docs/doc/Batteries/Lean/Meta/SavedState.html",
     "f2b43f60f839fc4c"],
    ["/home/runner/work/batteries/batteries/docs/doc/Batteries/Tactic/OpenPrivate.html",
     "fb18f50267905845"],
    ["/home/runner/work/batteries/batteries/docs/doc/Batteries/Lean/Meta/Simp.html",
     "750b826e18e9bca7"],
    ["/home/runner/work/batteries/batteries/docs/doc/Batteries/Lean/Meta/UnusedNames.html",
     "09e3cbc9ed5bbab3"],
    ["/home/runner/work/batteries/batteries/docs/doc/Batteries/Lean/NameMapAttribute.html",
     "5a9536c25b9f84b1"],
    ["/home/runner/work/batteries/batteries/docs/doc/Batteries/Lean/PersistentHashSet.html",
     "cf98109ac647271a"],
    ["/home/runner/work/batteries/batteries/docs/doc/Batteries/Lean/SatisfiesM.html",
     "74e8bfb134de4792"],
    ["/home/runner/work/batteries/batteries/docs/doc/Batteries/Lean/Syntax.html",
     "e5892f47a0a4d9aa"],
    ["/home/runner/work/batteries/batteries/docs/doc/Batteries/Lean/Util/EnvSearch.html",
     "32cdc9bab944cdd5"],
    ["/home/runner/work/batteries/batteries/docs/doc/Batteries/Logic.html",
     "802688e8ae27ab21"],
    ["/home/runner/work/batteries/batteries/docs/doc/Batteries/Tactic/Case.html",
     "4b266ef5af0898b8"],
    ["/home/runner/work/batteries/batteries/docs/doc/Batteries/Tactic/Congr.html",
     "f38b6618cefdd78d"],
    ["/home/runner/work/batteries/batteries/docs/doc/Batteries/Tactic/Exact.html",
     "13303b4c99bacb93"],
    ["/home/runner/work/batteries/batteries/docs/doc/Batteries/Tactic/GeneralizeProofs.html",
     "089a99056de1a91f"],
    ["/home/runner/work/batteries/batteries/docs/doc/Batteries/Tactic/HelpCmd.html",
     "1104b92350d7cb3a"],
    ["/home/runner/work/batteries/batteries/docs/doc/Batteries/Tactic/Instances.html",
     "cd6e53f821a35161"],
    ["/home/runner/work/batteries/batteries/docs/doc/Batteries/Tactic/Lemma.html",
     "d8578759690ddd2b"],
    ["/home/runner/work/batteries/batteries/docs/doc/Batteries/Tactic/Lint/Simp.html",
     "ab8d6b7c84e18c7c"],
    ["/home/runner/work/batteries/batteries/docs/doc/Batteries/Tactic/Lint/TypeClass.html",
     "c26036c34843d25d"],
    ["/home/runner/work/batteries/batteries/docs/doc/Batteries/Tactic/Lint/Frontend.html",
     "e90c51e3427d062e"],
    ["/home/runner/work/batteries/batteries/docs/doc/Batteries/Tactic/Lint.html",
     "8b2a3780f3dc2876"],
    ["/home/runner/work/batteries/batteries/docs/doc/Batteries/Tactic/NoMatch.html",
     "ed71502a0c012712"],
    ["/home/runner/work/batteries/batteries/docs/doc/Batteries/Tactic/PermuteGoals.html",
     "2b2377b4bc7ca58d"],
    ["/home/runner/work/batteries/batteries/docs/doc/Batteries/Tactic/PrintDependents.html",
     "322c47a42f8035b9"],
    ["/home/runner/work/batteries/batteries/docs/doc/Batteries/Tactic/PrintOpaques.html",
     "ea7cb7b3218fe06a"],
    ["/home/runner/work/batteries/batteries/docs/doc/Batteries/Tactic/PrintPrefix.html",
     "65b791e1652801ba"],
    ["/home/runner/work/batteries/batteries/docs/doc/Batteries/Tactic/ShowUnused.html",
     "3de8bc9a5f43bdb8"],
    ["/home/runner/work/batteries/batteries/docs/doc/Batteries/Tactic/SqueezeScope.html",
     "20c3ac9d5c42fff5"],
    ["/home/runner/work/batteries/batteries/docs/doc/Batteries/Tactic/Trans.html",
     "a22ece6516b9e6cf"],
    ["/home/runner/work/batteries/batteries/docs/doc/Batteries/Util/Cache.html",
     "0dd05aab7ddc39ed"],
    ["/home/runner/work/batteries/batteries/docs/doc/Batteries/Util/ExtendedBinder.html",
     "cefd113dca5aba7a"],
    ["/home/runner/work/batteries/batteries/docs/doc/Batteries/Util/Pickle.html",
     "dd3412fc028110d6"],
    ["/home/runner/work/batteries/batteries/docs/doc/Batteries.html",
     "2250a318cfcd4f4d"]]]],
 "depHash": "ed69e413a0e3372b"}